../Core/Src/main.c:82:6:can_transmitter	24	static
../Core/Src/main.c:98:15:read_digital_keypad	16	static
../Core/Src/main.c:143:5:main	24	static
../Core/Src/main.c:257:6:SystemClock_Config	88	static
../Core/Src/main.c:310:13:MX_ADC1_Init	24	static
../Core/Src/main.c:362:13:MX_CAN1_Init	48	static
../Core/Src/main.c:421:13:MX_TIM4_Init	32	static
../Core/Src/main.c:466:13:MX_USART1_UART_Init	8	static
../Core/Src/main.c:499:13:MX_GPIO_Init	48	static
../Core/Src/main.c:551:6:Error_Handler	4	static,ignoring_inline_asm
