../Core/Src/main.c:81:6:can_transmitter	24	static
../Core/Src/main.c:100:15:gear_check	16	static
../Core/Src/main.c:133:5:main	184	static
../Core/Src/main.c:236:6:SystemClock_Config	88	static
../Core/Src/main.c:290:13:MX_ADC1_Init	24	static
../Core/Src/main.c:342:13:MX_CAN1_Init	48	static
../Core/Src/main.c:401:13:MX_RTC_Init	32	static
../Core/Src/main.c:464:13:MX_TIM4_Init	32	static
../Core/Src/main.c:509:13:MX_USART1_UART_Init	8	static
../Core/Src/main.c:542:13:MX_GPIO_Init	40	static
../Core/Src/main.c:583:6:Error_Handler	4	static,ignoring_inline_asm
